*** Desktop times ***

92,59,48,44,46,41,40,54,39,40,39,40,39,39,40,39,40,39,39,42,39,40,39,39,56,39,39,41,38,39,40,39,39,42,38,39,43,40,39,40,39,41,39,39,46,55,38,39,44,40,39,39,40,39,38,48,39,38,39,41,39,39,40,39,39,39,41,38,39,41,39,38,39,46,39,39,39,58,57,40,40,40,38,39,39,38,44,39,40,38,40,41,38,44,39,39,41,39,39,38
Mean: 41
45,22,34,25,23,23,23,27,23,23,24,23,23,23,24,23,23,23,23,25,23,25,25,23,23,24,23,24,23,24,23,23,23,23,23,23,23,23,23,23,26,23,23,23,23,24,23,23,23,24,23,23,23,23,23,23,23,23,24,24,23,23,23,23,24,26,23,23,23,24,24,23,23,23,23,23,26,23,23,23,23,23,23,23,23,23,23,23,23,23,24,23,23,23,26,23,23,23,23,23
Mean: 23
43,32,29,24,21,21,20,21,20,20,21,23,21,21,21,21,21,21,21,21,21,20,21,21,21,21,21,23,21,21,21,21,21,22,22,21,21,21,21,21,21,21,21,21,23,21,22,21,21,21,21,21,21,21,21,21,21,21,21,21,22,21,20,20,20,20,20,20,21,20,20,20,20,20,20,20,20,21,21,20,20,21,20,20,20,20,20,20,20,21,20,20,20,21,20,20,20,20,20,20
Mean: 21

104,75,50,40,48,39,45,39,48,46,40,41,40,41,39,39,41,39,41,39,41,39,39,54,43,40,42,39,39,42,39,39,42,39,39,41,39,41,42,39,39,41,39,39,49,39,39,41,39,40,44,39,39,41,39,40,39,39,40,41,39,40,39,42,43,39,39,40,39,39,41,40,39,41,39,39,40,40,39,41,39,39,41,39,39,40,40,39,41,41,39,40,39,39,40,39,39,42,39,41
Mean: 41
46,26,33,24,26,24,23,23,23,23,23,23,23,25,23,23,25,23,23,23,24,23,23,23,24,23,23,23,23,23,23,23,23,23,23,26,24,23,24,23,24,23,23,23,23,23,25,23,23,23,24,23,23,23,23,23,23,24,23,24,23,24,23,23,23,25,23,23,25,24,24,23,23,23,23,23,23,23,23,24,24,25,25,23,23,23,23,23,23,23,23,24,23,23,23,23,23,23,23,23
Mean: 23
43,30,25,23,21,21,21,21,21,21,21,21,23,22,22,22,22,21,21,21,21,21,23,21,24,23,21,21,21,21,21,21,23,22,22,21,21,21,21,22,21,21,21,23,22,22,21,26,21,21,21,21,21,22,21,21,21,21,21,21,21,21,21,22,21,21,21,21,21,21,25,21,21,22,21,21,21,22,21,21,21,21,21,22,21,21,21,21,21,21,21,21,21,23,24,21,21,22,21,21
Mean: 21

98,58,44,45,44,57,39,41,39,40,40,39,42,39,40,40,39,40,39,41,39,39,43,39,44,50,39,43,40,39,49,39,39,46,39,39,47,56,48,39,43,39,39,39,40,39,39,39,42,40,39,39,39,41,39,38,39,44,39,39,39,47,39,39,39,41,39,39,39,43,39,42,39,40,39,39,39,47,39,39,39,39,39,39,39,39,43,39,39,39,41,39,39,39,40,40,39,39,47,39
Mean: 41
44,22,33,23,22,23,23,23,22,24,23,26,24,22,22,22,23,22,22,22,23,22,23,23,24,23,22,23,23,22,23,23,23,27,23,23,22,23,23,22,24,23,22,22,22,22,23,23,22,22,23,23,22,22,27,24,23,22,23,22,22,23,22,23,23,22,22,22,23,22,23,24,23,23,23,23,27,23,22,23,23,22,22,22,22,23,24,23,23,23,22,22,22,23,22,22,23,27,22,22
Mean: 23
42,24,31,29,31,24,22,22,21,20,20,20,20,20,20,20,25,21,21,20,20,20,21,20,20,21,21,20,21,20,23,21,21,20,21,21,20,20,20,20,20,21,21,20,22,22,21,21,21,21,21,21,21,22,21,21,21,20,23,22,21,21,21,21,21,21,21,22,21,21,21,21,21,22,20,21,20,20,20,20,20,20,20,21,20,20,20,22,21,20,21,20,20,20,20,20,20,20,20,20
Mean: 21


*** Laptop times ***

83,53,40,49,46,33,39,39,33,59,39,39,34,37,33,38,33,49,54,36,39,33,33,39,33,34,37,35,33,38,56,45,33,35,34,33,33,34,35,33,33,34,35,33,34,34,35,34,35,34,35,33,34,33,34,34,34,33,34,34,33,33,35,34,34,33,33,34,33,33,34,35,33,34,36,34,34,33,33,35,33,34,34,34,33,34,34,34,36,34,33,35,34,33,33,34,36,33,33,35
Mean: 36
57,19,29,21,21,21,21,21,21,21,21,21,21,21,21,21,22,22,21,21,21,21,21,21,21,21,21,21,21,21,21,21,21,21,21,21,21,22,21,21,21,21,21,21,21,21,21,22,21,21,21,21,21,21,21,21,21,21,21,21,22,21,21,24,21,21,21,21,21,21,21,21,21,21,21,21,21,21,22,21,21,21,21,21,21,21,21,21,21,21,21,21,21,21,22,22,21,21,21,21
Mean: 21
40,47,33,24,26,26,26,23,20,19,19,19,19,19,19,19,19,19,18,20,18,19,19,24,19,19,19,18,19,19,19,19,21,18,18,19,18,22,19,19,20,19,19,19,19,19,19,19,18,19,18,21,19,19,19,19,19,18,18,18,18,18,18,18,18,18,20,18,18,18,19,19,18,18,18,18,18,18,19,18,23,18,18,18,18,18,18,18,18,18,19,18,18,18,19,18,18,18,18,18
Mean: 19
99,66,43,44,41,32,36,37,40,48,36,31,36,32,37,31,52,52,32,38,31,31,37,31,36,31,32,38,52,52,33,32,32,31,32,31,38,31,31,31,33,32,31,31,32,31,31,31,31,33,31,31,31,41,31,31,31,32,31,31,32,32,32,31,31,31,32,31,31,31,33,31,31,31,33,31,31,31,32,32,31,31,31,33,31,31,31,32,31,31,32,31,33,31,31,31,33,31,31,31
Mean: 34
34,19,42,21,22,21,21,21,21,21,21,21,21,21,21,21,21,21,22,21,21,21,21,21,21,22,21,21,21,21,21,21,21,21,21,22,21,21,21,21,21,21,21,21,21,22,21,21,21,21,21,24,21,21,21,21,21,21,21,22,21,21,21,21,21,23,21,23,21,21,21,21,21,21,21,21,21,21,21,21,21,21,21,22,21,21,21,21,21,21,22,21,21,21,21,21,21,22,21,22
Mean: 21
38,26,23,23,20,18,18,18,17,18,17,17,17,18,19,18,18,18,17,17,17,17,17,17,17,17,18,17,18,19,18,18,18,18,18,17,17,17,17,17,17,17,17,17,19,18,18,18,18,17,18,17,17,17,17,17,17,17,17,19,17,17,17,17,17,17,17,18,17,17,17,17,17,17,19,17,17,17,17,17,17,17,18,17,17,17,17,17,17,19,17,17,17,17,17,17,17,17,17,18
Mean: 17
96,51,35,42,38,31,32,33,37,36,33,34,31,32,31,44,31,34,33,31,33,31,38,41,31,32,31,32,31,31,31,31,33,31,32,31,32,31,31,32,31,31,31,31,31,31,33,32,32,31,31,31,31,33,31,32,31,31,31,31,32,31,32,31,32,31,31,31,31,33,31,31,31,31,31,31,32,31,31,31,33,31,31,32,31,32,31,31,31,31,32,31,31,31,31,31,31,33,31,32
Mean: 32
53,19,31,22,21,21,22,21,21,21,21,21,21,21,21,21,21,22,21,21,21,21,21,21,21,21,21,21,21,21,21,21,21,23,21,21,21,22,21,21,21,22,21,21,21,21,21,22,21,21,21,21,21,21,21,21,21,21,21,21,22,21,21,21,21,21,21,21,22,21,21,21,21,21,21,21,21,21,21,21,21,21,22,21,21,22,21,21,21,21,21,21,21,21,22,21,21,21,21,21
Mean: 21
36,26,24,22,19,18,17,17,17,17,19,18,18,18,18,17,17,17,19,18,18,17,17,17,17,17,18,18,17,17,17,18,17,17,19,18,17,17,17,18,17,17,18,18,17,17,17,17,18,17,18,17,17,17,17,17,17,17,18,17,17,17,17,17,17,18,18,17,17,17,17,17,17,17,18,17,17,17,17,17,17,17,18,17,17,17,17,17,17,17,18,17,17,17,17,17,17,17,17,18
Mean: 17
